// Jest Snapshot v1, https://goo.gl/fbAQLP

exports[`collectionItem component should render collection item component 1`] = `ShallowWrapper {}`;
