// Jest Snapshot v1, https://goo.gl/fbAQLP

exports[`should render Collections-Overview component 1`] = `ShallowWrapper {}`;
