// Jest Snapshot v1, https://goo.gl/fbAQLP

exports[`menuItem Component should render menu-item component 1`] = `ShallowWrapper {}`;
