// Jest Snapshot v1, https://goo.gl/fbAQLP

exports[`collection-preview should render collection preview 1`] = `ShallowWrapper {}`;
